<?xml version="1.0" encoding="UTF-8"?>
<TestRun id="8be75f89-7935-41fd-a5fd-8b8a588b827c" name="Kieran@LAZULI 2012-05-01 04:56:37" runUser="Lazuli\Kieran" xmlns="http://microsoft.com/schemas/VisualStudio/TeamTest/2010">
  <TestSettings name="Local" id="f5e64e3e-c56f-4939-9908-e5450b15daae">
    <Description>These are default test settings for a local test run.</Description>
    <Deployment enabled="false" runDeploymentRoot="Kieran_LAZULI 2012-05-01 04_56_37">
      <DeploymentItem filename="C:\Users\Kieran\Dropbox\BU_Work\Dissertation\GitHub\Donatello\Donatello\bin\Debug\Donatello.exe" />
      <DeploymentItem filename="C:\Program Files (x86)\NUnit 2.6\bin\framework\nunit.framework.dll" />
    </Deployment>
    <Execution>
      <TestTypeSpecific />
      <AgentRule name="Execution Agents">
      </AgentRule>
    </Execution>
  </TestSettings>
  <Times creation="2012-05-01T04:56:37.2968644+01:00" queuing="2012-05-01T04:56:37.4328722+01:00" start="2012-05-01T04:56:37.4518733+01:00" finish="2012-05-01T04:56:37.8168941+01:00" />
  <ResultSummary outcome="Failed">
    <Counters total="19" executed="19" passed="16" error="0" failed="3" timeout="0" aborted="0" inconclusive="0" passedButRunAborted="0" notRunnable="0" notExecuted="0" disconnected="0" warning="0" completed="0" inProgress="0" pending="0" />
  </ResultSummary>
  <TestDefinitions>
    <UnitTest name="GetMD5HashTest" storage="c:\users\kieran\dropbox\bu_work\dissertation\github\donatello\unittests\bin\debug\unittests.dll" id="a0720584-8c2c-483b-a3d9-ff5a659d5a0a">
      <Execution id="fdd8d2e3-bf6f-4f82-adf3-fffad0430ba8" />
      <TestMethod codeBase="C:/Users/Kieran/Dropbox/BU_Work/Dissertation/GitHub/Donatello/UnitTests/bin/Debug/UnitTests.DLL" adapterTypeName="Microsoft.VisualStudio.TestTools.TestTypes.Unit.UnitTestAdapter, Microsoft.VisualStudio.QualityTools.Tips.UnitTest.Adapter, Version=10.0.0.0, Culture=neutral, PublicKeyToken=b03f5f7f11d50a3a" className="UnitTests.DbConnectTest, UnitTests, Version=1.0.0.0, Culture=neutral, PublicKeyToken=null" name="GetMD5HashTest" />
    </UnitTest>
    <UnitTest name="CalculateMD5Test" storage="c:\users\kieran\dropbox\bu_work\dissertation\github\donatello\unittests\bin\debug\unittests.dll" id="2ed6a6b1-df87-210d-51fa-92b2236e30b3">
      <Execution id="b33943b0-a3a1-4687-806a-f35d4f5acf90" />
      <TestMethod codeBase="C:/Users/Kieran/Dropbox/BU_Work/Dissertation/GitHub/Donatello/UnitTests/bin/Debug/UnitTests.DLL" adapterTypeName="Microsoft.VisualStudio.TestTools.TestTypes.Unit.UnitTestAdapter, Microsoft.VisualStudio.QualityTools.Tips.UnitTest.Adapter, Version=10.0.0.0, Culture=neutral, PublicKeyToken=b03f5f7f11d50a3a" className="UnitTests.DbConnectTest, UnitTests, Version=1.0.0.0, Culture=neutral, PublicKeyToken=null" name="CalculateMD5Test" />
    </UnitTest>
    <UnitTest name="ComputeSaltTest" storage="c:\users\kieran\dropbox\bu_work\dissertation\github\donatello\unittests\bin\debug\unittests.dll" id="fe6fee5e-1f9e-e53d-0b4a-6659982d1faf">
      <Execution id="97f048a6-065d-42cc-a973-fc884141d178" />
      <TestMethod codeBase="C:/Users/Kieran/Dropbox/BU_Work/Dissertation/GitHub/Donatello/UnitTests/bin/Debug/UnitTests.DLL" adapterTypeName="Microsoft.VisualStudio.TestTools.TestTypes.Unit.UnitTestAdapter, Microsoft.VisualStudio.QualityTools.Tips.UnitTest.Adapter, Version=10.0.0.0, Culture=neutral, PublicKeyToken=b03f5f7f11d50a3a" className="UnitTests.AccountTest, UnitTests, Version=1.0.0.0, Culture=neutral, PublicKeyToken=null" name="ComputeSaltTest" />
    </UnitTest>
    <UnitTest name="WrongUserLoginTest" storage="c:\users\kieran\dropbox\bu_work\dissertation\github\donatello\unittests\bin\debug\unittests.dll" id="33cd5822-8ae4-cb7f-92ad-bdcb3a9e41f2">
      <Execution id="2600a23f-6262-49a2-90ca-d71ad1a75585" />
      <TestMethod codeBase="C:/Users/Kieran/Dropbox/BU_Work/Dissertation/GitHub/Donatello/UnitTests/bin/Debug/UnitTests.DLL" adapterTypeName="Microsoft.VisualStudio.TestTools.TestTypes.Unit.UnitTestAdapter, Microsoft.VisualStudio.QualityTools.Tips.UnitTest.Adapter, Version=10.0.0.0, Culture=neutral, PublicKeyToken=b03f5f7f11d50a3a" className="UnitTests.DbConnectTest, UnitTests, Version=1.0.0.0, Culture=neutral, PublicKeyToken=null" name="WrongUserLoginTest" />
    </UnitTest>
    <UnitTest name="GetInvalidLocationTest" storage="c:\users\kieran\dropbox\bu_work\dissertation\github\donatello\unittests\bin\debug\unittests.dll" id="64a7a431-d288-add2-aece-625f9b7f2037">
      <Execution id="51f706e8-b4d7-48fe-a388-9c6a97542efc" />
      <TestMethod codeBase="C:/Users/Kieran/Dropbox/BU_Work/Dissertation/GitHub/Donatello/UnitTests/bin/Debug/UnitTests.DLL" adapterTypeName="Microsoft.VisualStudio.TestTools.TestTypes.Unit.UnitTestAdapter, Microsoft.VisualStudio.QualityTools.Tips.UnitTest.Adapter, Version=10.0.0.0, Culture=neutral, PublicKeyToken=b03f5f7f11d50a3a" className="UnitTests.DbConnectTest, UnitTests, Version=1.0.0.0, Culture=neutral, PublicKeyToken=null" name="GetInvalidLocationTest" />
    </UnitTest>
    <UnitTest name="GetPassHashTest" storage="c:\users\kieran\dropbox\bu_work\dissertation\github\donatello\unittests\bin\debug\unittests.dll" id="573f435a-e23b-52d0-3a46-7f4c1ffad568">
      <Execution id="c81ea3c6-7f79-425c-92cb-da789bc26641" />
      <TestMethod codeBase="C:/Users/Kieran/Dropbox/BU_Work/Dissertation/GitHub/Donatello/UnitTests/bin/Debug/UnitTests.DLL" adapterTypeName="Microsoft.VisualStudio.TestTools.TestTypes.Unit.UnitTestAdapter, Microsoft.VisualStudio.QualityTools.Tips.UnitTest.Adapter, Version=10.0.0.0, Culture=neutral, PublicKeyToken=b03f5f7f11d50a3a" className="UnitTests.DbConnectTest, UnitTests, Version=1.0.0.0, Culture=neutral, PublicKeyToken=null" name="GetPassHashTest" />
    </UnitTest>
    <UnitTest name="NullMD5Test" storage="c:\users\kieran\dropbox\bu_work\dissertation\github\donatello\unittests\bin\debug\unittests.dll" id="f9bd603f-fdfe-4639-20cc-7fa856dd3d75">
      <Execution id="7e4a1926-50e8-42b5-9dc6-35228b6655cb" />
      <TestMethod codeBase="C:/Users/Kieran/Dropbox/BU_Work/Dissertation/GitHub/Donatello/UnitTests/bin/Debug/UnitTests.DLL" adapterTypeName="Microsoft.VisualStudio.TestTools.TestTypes.Unit.UnitTestAdapter, Microsoft.VisualStudio.QualityTools.Tips.UnitTest.Adapter, Version=10.0.0.0, Culture=neutral, PublicKeyToken=b03f5f7f11d50a3a" className="UnitTests.DbConnectTest, UnitTests, Version=1.0.0.0, Culture=neutral, PublicKeyToken=null" name="NullMD5Test" />
    </UnitTest>
    <UnitTest name="GetAccountTest" storage="c:\users\kieran\dropbox\bu_work\dissertation\github\donatello\unittests\bin\debug\unittests.dll" id="a3231915-af11-7b41-ca6d-ca533f0ea6f6">
      <Execution id="046ef6f6-b403-4e10-9b00-1d1b6f8b5f68" />
      <TestMethod codeBase="C:/Users/Kieran/Dropbox/BU_Work/Dissertation/GitHub/Donatello/UnitTests/bin/Debug/UnitTests.DLL" adapterTypeName="Microsoft.VisualStudio.TestTools.TestTypes.Unit.UnitTestAdapter, Microsoft.VisualStudio.QualityTools.Tips.UnitTest.Adapter, Version=10.0.0.0, Culture=neutral, PublicKeyToken=b03f5f7f11d50a3a" className="UnitTests.DbConnectTest, UnitTests, Version=1.0.0.0, Culture=neutral, PublicKeyToken=null" name="GetAccountTest" />
    </UnitTest>
    <UnitTest name="LoginTest" storage="c:\users\kieran\dropbox\bu_work\dissertation\github\donatello\unittests\bin\debug\unittests.dll" id="a57098c3-02fa-454d-a5e4-6a783305bc50">
      <Execution id="4a283043-a44a-4729-b024-0882b994621b" />
      <TestMethod codeBase="C:/Users/Kieran/Dropbox/BU_Work/Dissertation/GitHub/Donatello/UnitTests/bin/Debug/UnitTests.DLL" adapterTypeName="Microsoft.VisualStudio.TestTools.TestTypes.Unit.UnitTestAdapter, Microsoft.VisualStudio.QualityTools.Tips.UnitTest.Adapter, Version=10.0.0.0, Culture=neutral, PublicKeyToken=b03f5f7f11d50a3a" className="UnitTests.DbConnectTest, UnitTests, Version=1.0.0.0, Culture=neutral, PublicKeyToken=null" name="LoginTest" />
    </UnitTest>
    <UnitTest name="CountLocationsTest" storage="c:\users\kieran\dropbox\bu_work\dissertation\github\donatello\unittests\bin\debug\unittests.dll" id="eede26b8-9354-779e-5d22-f06a09ac568c">
      <Execution id="65dc5572-80bf-4c62-b914-d89b07f36265" />
      <TestMethod codeBase="C:/Users/Kieran/Dropbox/BU_Work/Dissertation/GitHub/Donatello/UnitTests/bin/Debug/UnitTests.DLL" adapterTypeName="Microsoft.VisualStudio.TestTools.TestTypes.Unit.UnitTestAdapter, Microsoft.VisualStudio.QualityTools.Tips.UnitTest.Adapter, Version=10.0.0.0, Culture=neutral, PublicKeyToken=b03f5f7f11d50a3a" className="UnitTests.DbConnectTest, UnitTests, Version=1.0.0.0, Culture=neutral, PublicKeyToken=null" name="CountLocationsTest" />
    </UnitTest>
    <UnitTest name="AccountConstructorTest" storage="c:\users\kieran\dropbox\bu_work\dissertation\github\donatello\unittests\bin\debug\unittests.dll" id="2e73691e-478f-8eae-8aa8-f24ae79c0f17">
      <Execution id="8d9bb927-7ecc-49d6-8755-fffbfa37bf83" />
      <TestMethod codeBase="C:/Users/Kieran/Dropbox/BU_Work/Dissertation/GitHub/Donatello/UnitTests/bin/Debug/UnitTests.DLL" adapterTypeName="Microsoft.VisualStudio.TestTools.TestTypes.Unit.UnitTestAdapter, Microsoft.VisualStudio.QualityTools.Tips.UnitTest.Adapter, Version=10.0.0.0, Culture=neutral, PublicKeyToken=b03f5f7f11d50a3a" className="UnitTests.AccountTest, UnitTests, Version=1.0.0.0, Culture=neutral, PublicKeyToken=null" name="AccountConstructorTest" />
    </UnitTest>
    <UnitTest name="GetInvalidLocationFromProductIdTest" storage="c:\users\kieran\dropbox\bu_work\dissertation\github\donatello\unittests\bin\debug\unittests.dll" id="e716c7c9-7aba-bef7-98aa-6b50cbbeaa0b">
      <Execution id="5fed7714-f1fa-45af-a5ef-14da4025178d" />
      <TestMethod codeBase="C:/Users/Kieran/Dropbox/BU_Work/Dissertation/GitHub/Donatello/UnitTests/bin/Debug/UnitTests.DLL" adapterTypeName="Microsoft.VisualStudio.TestTools.TestTypes.Unit.UnitTestAdapter, Microsoft.VisualStudio.QualityTools.Tips.UnitTest.Adapter, Version=10.0.0.0, Culture=neutral, PublicKeyToken=b03f5f7f11d50a3a" className="UnitTests.DbConnectTest, UnitTests, Version=1.0.0.0, Culture=neutral, PublicKeyToken=null" name="GetInvalidLocationFromProductIdTest" />
    </UnitTest>
    <UnitTest name="GetLocationTest" storage="c:\users\kieran\dropbox\bu_work\dissertation\github\donatello\unittests\bin\debug\unittests.dll" id="7513f8ee-f6fe-80de-055b-68324cd87bf9">
      <Execution id="6285319e-7c19-4d37-bb4b-58f795ce0a42" />
      <TestMethod codeBase="C:/Users/Kieran/Dropbox/BU_Work/Dissertation/GitHub/Donatello/UnitTests/bin/Debug/UnitTests.DLL" adapterTypeName="Microsoft.VisualStudio.TestTools.TestTypes.Unit.UnitTestAdapter, Microsoft.VisualStudio.QualityTools.Tips.UnitTest.Adapter, Version=10.0.0.0, Culture=neutral, PublicKeyToken=b03f5f7f11d50a3a" className="UnitTests.DbConnectTest, UnitTests, Version=1.0.0.0, Culture=neutral, PublicKeyToken=null" name="GetLocationTest" />
    </UnitTest>
    <UnitTest name="ComputeHashTest" storage="c:\users\kieran\dropbox\bu_work\dissertation\github\donatello\unittests\bin\debug\unittests.dll" id="20bc22b9-3c67-c11a-76e0-76bf954769b8">
      <Execution id="098553b7-21f9-464a-bfe3-597fa19197cb" />
      <TestMethod codeBase="C:/Users/Kieran/Dropbox/BU_Work/Dissertation/GitHub/Donatello/UnitTests/bin/Debug/UnitTests.DLL" adapterTypeName="Microsoft.VisualStudio.TestTools.TestTypes.Unit.UnitTestAdapter, Microsoft.VisualStudio.QualityTools.Tips.UnitTest.Adapter, Version=10.0.0.0, Culture=neutral, PublicKeyToken=b03f5f7f11d50a3a" className="UnitTests.AccountTest, UnitTests, Version=1.0.0.0, Culture=neutral, PublicKeyToken=null" name="ComputeHashTest" />
    </UnitTest>
    <UnitTest name="CheckLoginTest" storage="c:\users\kieran\dropbox\bu_work\dissertation\github\donatello\unittests\bin\debug\unittests.dll" id="c8b22416-a405-6bde-1648-7df5cadd3149">
      <Execution id="23264fc2-11c7-4c84-a4e9-ab8e68758885" />
      <TestMethod codeBase="C:/Users/Kieran/Dropbox/BU_Work/Dissertation/GitHub/Donatello/UnitTests/bin/Debug/UnitTests.DLL" adapterTypeName="Microsoft.VisualStudio.TestTools.TestTypes.Unit.UnitTestAdapter, Microsoft.VisualStudio.QualityTools.Tips.UnitTest.Adapter, Version=10.0.0.0, Culture=neutral, PublicKeyToken=b03f5f7f11d50a3a" className="UnitTests.DbConnectTest, UnitTests, Version=1.0.0.0, Culture=neutral, PublicKeyToken=null" name="CheckLoginTest" />
    </UnitTest>
    <UnitTest name="WrongPassLoginTest" storage="c:\users\kieran\dropbox\bu_work\dissertation\github\donatello\unittests\bin\debug\unittests.dll" id="710d2cda-029c-93e6-1bc0-0035ad662745">
      <Execution id="777739ae-bc38-4450-8f84-9892900a6aa2" />
      <TestMethod codeBase="C:/Users/Kieran/Dropbox/BU_Work/Dissertation/GitHub/Donatello/UnitTests/bin/Debug/UnitTests.DLL" adapterTypeName="Microsoft.VisualStudio.TestTools.TestTypes.Unit.UnitTestAdapter, Microsoft.VisualStudio.QualityTools.Tips.UnitTest.Adapter, Version=10.0.0.0, Culture=neutral, PublicKeyToken=b03f5f7f11d50a3a" className="UnitTests.DbConnectTest, UnitTests, Version=1.0.0.0, Culture=neutral, PublicKeyToken=null" name="WrongPassLoginTest" />
    </UnitTest>
    <UnitTest name="AccountExistsTest" storage="c:\users\kieran\dropbox\bu_work\dissertation\github\donatello\unittests\bin\debug\unittests.dll" id="c354614c-ed47-9579-ccf7-957645aeb789">
      <Execution id="ad6d947f-85b7-4b72-89f8-d7fc840815b0" />
      <TestMethod codeBase="C:/Users/Kieran/Dropbox/BU_Work/Dissertation/GitHub/Donatello/UnitTests/bin/Debug/UnitTests.DLL" adapterTypeName="Microsoft.VisualStudio.TestTools.TestTypes.Unit.UnitTestAdapter, Microsoft.VisualStudio.QualityTools.Tips.UnitTest.Adapter, Version=10.0.0.0, Culture=neutral, PublicKeyToken=b03f5f7f11d50a3a" className="UnitTests.DbConnectTest, UnitTests, Version=1.0.0.0, Culture=neutral, PublicKeyToken=null" name="AccountExistsTest" />
    </UnitTest>
    <UnitTest name="GetLocationFromProductIdTest" storage="c:\users\kieran\dropbox\bu_work\dissertation\github\donatello\unittests\bin\debug\unittests.dll" id="158bd376-d913-d14d-5957-7cbd4c500e15">
      <Execution id="ee9c2b8a-9dc0-4110-93d3-130ab9a58c7c" />
      <TestMethod codeBase="C:/Users/Kieran/Dropbox/BU_Work/Dissertation/GitHub/Donatello/UnitTests/bin/Debug/UnitTests.DLL" adapterTypeName="Microsoft.VisualStudio.TestTools.TestTypes.Unit.UnitTestAdapter, Microsoft.VisualStudio.QualityTools.Tips.UnitTest.Adapter, Version=10.0.0.0, Culture=neutral, PublicKeyToken=b03f5f7f11d50a3a" className="UnitTests.DbConnectTest, UnitTests, Version=1.0.0.0, Culture=neutral, PublicKeyToken=null" name="GetLocationFromProductIdTest" />
    </UnitTest>
    <UnitTest name="GetProductNameFromLocationHashTest" storage="c:\users\kieran\dropbox\bu_work\dissertation\github\donatello\unittests\bin\debug\unittests.dll" id="7159d5aa-8fc5-2252-46f2-92ec0357814d">
      <Execution id="b17e541e-4118-49e7-9185-66f6216a01da" />
      <TestMethod codeBase="C:/Users/Kieran/Dropbox/BU_Work/Dissertation/GitHub/Donatello/UnitTests/bin/Debug/UnitTests.DLL" adapterTypeName="Microsoft.VisualStudio.TestTools.TestTypes.Unit.UnitTestAdapter, Microsoft.VisualStudio.QualityTools.Tips.UnitTest.Adapter, Version=10.0.0.0, Culture=neutral, PublicKeyToken=b03f5f7f11d50a3a" className="UnitTests.DbConnectTest, UnitTests, Version=1.0.0.0, Culture=neutral, PublicKeyToken=null" name="GetProductNameFromLocationHashTest" />
    </UnitTest>
  </TestDefinitions>
  <TestLists>
    <TestList name="Results Not in a List" id="8c84fa94-04c1-424b-9868-57a2d4851a1d" />
    <TestList name="All Loaded Results" id="19431567-8539-422a-85d7-44ee4e166bda" />
  </TestLists>
  <TestEntries>
    <TestEntry testId="158bd376-d913-d14d-5957-7cbd4c500e15" executionId="ee9c2b8a-9dc0-4110-93d3-130ab9a58c7c" testListId="8c84fa94-04c1-424b-9868-57a2d4851a1d" />
    <TestEntry testId="20bc22b9-3c67-c11a-76e0-76bf954769b8" executionId="098553b7-21f9-464a-bfe3-597fa19197cb" testListId="8c84fa94-04c1-424b-9868-57a2d4851a1d" />
    <TestEntry testId="2e73691e-478f-8eae-8aa8-f24ae79c0f17" executionId="8d9bb927-7ecc-49d6-8755-fffbfa37bf83" testListId="8c84fa94-04c1-424b-9868-57a2d4851a1d" />
    <TestEntry testId="2ed6a6b1-df87-210d-51fa-92b2236e30b3" executionId="b33943b0-a3a1-4687-806a-f35d4f5acf90" testListId="8c84fa94-04c1-424b-9868-57a2d4851a1d" />
    <TestEntry testId="33cd5822-8ae4-cb7f-92ad-bdcb3a9e41f2" executionId="2600a23f-6262-49a2-90ca-d71ad1a75585" testListId="8c84fa94-04c1-424b-9868-57a2d4851a1d" />
    <TestEntry testId="573f435a-e23b-52d0-3a46-7f4c1ffad568" executionId="c81ea3c6-7f79-425c-92cb-da789bc26641" testListId="8c84fa94-04c1-424b-9868-57a2d4851a1d" />
    <TestEntry testId="64a7a431-d288-add2-aece-625f9b7f2037" executionId="51f706e8-b4d7-48fe-a388-9c6a97542efc" testListId="8c84fa94-04c1-424b-9868-57a2d4851a1d" />
    <TestEntry testId="710d2cda-029c-93e6-1bc0-0035ad662745" executionId="777739ae-bc38-4450-8f84-9892900a6aa2" testListId="8c84fa94-04c1-424b-9868-57a2d4851a1d" />
    <TestEntry testId="7159d5aa-8fc5-2252-46f2-92ec0357814d" executionId="b17e541e-4118-49e7-9185-66f6216a01da" testListId="8c84fa94-04c1-424b-9868-57a2d4851a1d" />
    <TestEntry testId="7513f8ee-f6fe-80de-055b-68324cd87bf9" executionId="6285319e-7c19-4d37-bb4b-58f795ce0a42" testListId="8c84fa94-04c1-424b-9868-57a2d4851a1d" />
    <TestEntry testId="a0720584-8c2c-483b-a3d9-ff5a659d5a0a" executionId="fdd8d2e3-bf6f-4f82-adf3-fffad0430ba8" testListId="8c84fa94-04c1-424b-9868-57a2d4851a1d" />
    <TestEntry testId="a3231915-af11-7b41-ca6d-ca533f0ea6f6" executionId="046ef6f6-b403-4e10-9b00-1d1b6f8b5f68" testListId="8c84fa94-04c1-424b-9868-57a2d4851a1d" />
    <TestEntry testId="a57098c3-02fa-454d-a5e4-6a783305bc50" executionId="4a283043-a44a-4729-b024-0882b994621b" testListId="8c84fa94-04c1-424b-9868-57a2d4851a1d" />
    <TestEntry testId="c354614c-ed47-9579-ccf7-957645aeb789" executionId="ad6d947f-85b7-4b72-89f8-d7fc840815b0" testListId="8c84fa94-04c1-424b-9868-57a2d4851a1d" />
    <TestEntry testId="c8b22416-a405-6bde-1648-7df5cadd3149" executionId="23264fc2-11c7-4c84-a4e9-ab8e68758885" testListId="8c84fa94-04c1-424b-9868-57a2d4851a1d" />
    <TestEntry testId="e716c7c9-7aba-bef7-98aa-6b50cbbeaa0b" executionId="5fed7714-f1fa-45af-a5ef-14da4025178d" testListId="8c84fa94-04c1-424b-9868-57a2d4851a1d" />
    <TestEntry testId="eede26b8-9354-779e-5d22-f06a09ac568c" executionId="65dc5572-80bf-4c62-b914-d89b07f36265" testListId="8c84fa94-04c1-424b-9868-57a2d4851a1d" />
    <TestEntry testId="f9bd603f-fdfe-4639-20cc-7fa856dd3d75" executionId="7e4a1926-50e8-42b5-9dc6-35228b6655cb" testListId="8c84fa94-04c1-424b-9868-57a2d4851a1d" />
    <TestEntry testId="fe6fee5e-1f9e-e53d-0b4a-6659982d1faf" executionId="97f048a6-065d-42cc-a973-fc884141d178" testListId="8c84fa94-04c1-424b-9868-57a2d4851a1d" />
  </TestEntries>
  <Results>
    <UnitTestResult executionId="ee9c2b8a-9dc0-4110-93d3-130ab9a58c7c" testId="158bd376-d913-d14d-5957-7cbd4c500e15" testName="GetLocationFromProductIdTest" computerName="LAZULI" duration="00:00:00.0882040" startTime="2012-05-01T04:56:37.4858752+01:00" endTime="2012-05-01T04:56:37.7308892+01:00" testType="13cdc9d9-ddb5-4fa4-a97d-d965ccfc6d4b" outcome="Passed" testListId="8c84fa94-04c1-424b-9868-57a2d4851a1d" relativeResultsDirectory="ee9c2b8a-9dc0-4110-93d3-130ab9a58c7c">
    </UnitTestResult>
    <UnitTestResult executionId="098553b7-21f9-464a-bfe3-597fa19197cb" testId="20bc22b9-3c67-c11a-76e0-76bf954769b8" testName="ComputeHashTest" computerName="LAZULI" duration="00:00:00.0018497" startTime="2012-05-01T04:56:37.7318893+01:00" endTime="2012-05-01T04:56:37.7358895+01:00" testType="13cdc9d9-ddb5-4fa4-a97d-d965ccfc6d4b" outcome="Passed" testListId="8c84fa94-04c1-424b-9868-57a2d4851a1d" relativeResultsDirectory="098553b7-21f9-464a-bfe3-597fa19197cb">
    </UnitTestResult>
    <UnitTestResult executionId="8d9bb927-7ecc-49d6-8755-fffbfa37bf83" testId="2e73691e-478f-8eae-8aa8-f24ae79c0f17" testName="AccountConstructorTest" computerName="LAZULI" duration="00:00:00.0004760" startTime="2012-05-01T04:56:37.7368896+01:00" endTime="2012-05-01T04:56:37.7388897+01:00" testType="13cdc9d9-ddb5-4fa4-a97d-d965ccfc6d4b" outcome="Passed" testListId="8c84fa94-04c1-424b-9868-57a2d4851a1d" relativeResultsDirectory="8d9bb927-7ecc-49d6-8755-fffbfa37bf83">
    </UnitTestResult>
    <UnitTestResult executionId="b33943b0-a3a1-4687-806a-f35d4f5acf90" testId="2ed6a6b1-df87-210d-51fa-92b2236e30b3" testName="CalculateMD5Test" computerName="LAZULI" duration="00:00:00.0001261" startTime="2012-05-01T04:56:37.7388897+01:00" endTime="2012-05-01T04:56:37.7408898+01:00" testType="13cdc9d9-ddb5-4fa4-a97d-d965ccfc6d4b" outcome="Passed" testListId="8c84fa94-04c1-424b-9868-57a2d4851a1d" relativeResultsDirectory="b33943b0-a3a1-4687-806a-f35d4f5acf90">
    </UnitTestResult>
    <UnitTestResult executionId="2600a23f-6262-49a2-90ca-d71ad1a75585" testId="33cd5822-8ae4-cb7f-92ad-bdcb3a9e41f2" testName="WrongUserLoginTest" computerName="LAZULI" duration="00:00:00.0012563" startTime="2012-05-01T04:56:37.7408898+01:00" endTime="2012-05-01T04:56:37.7438900+01:00" testType="13cdc9d9-ddb5-4fa4-a97d-d965ccfc6d4b" outcome="Passed" testListId="8c84fa94-04c1-424b-9868-57a2d4851a1d" relativeResultsDirectory="2600a23f-6262-49a2-90ca-d71ad1a75585">
    </UnitTestResult>
    <UnitTestResult executionId="c81ea3c6-7f79-425c-92cb-da789bc26641" testId="573f435a-e23b-52d0-3a46-7f4c1ffad568" testName="GetPassHashTest" computerName="LAZULI" duration="00:00:00.0009254" startTime="2012-05-01T04:56:37.7448900+01:00" endTime="2012-05-01T04:56:37.7478902+01:00" testType="13cdc9d9-ddb5-4fa4-a97d-d965ccfc6d4b" outcome="Passed" testListId="8c84fa94-04c1-424b-9868-57a2d4851a1d" relativeResultsDirectory="c81ea3c6-7f79-425c-92cb-da789bc26641">
    </UnitTestResult>
    <UnitTestResult executionId="51f706e8-b4d7-48fe-a388-9c6a97542efc" testId="64a7a431-d288-add2-aece-625f9b7f2037" testName="GetInvalidLocationTest" computerName="LAZULI" duration="00:00:00.0019702" startTime="2012-05-01T04:56:37.7478902+01:00" endTime="2012-05-01T04:56:37.7518904+01:00" testType="13cdc9d9-ddb5-4fa4-a97d-d965ccfc6d4b" outcome="Passed" testListId="8c84fa94-04c1-424b-9868-57a2d4851a1d" relativeResultsDirectory="51f706e8-b4d7-48fe-a388-9c6a97542efc">
    </UnitTestResult>
    <UnitTestResult executionId="777739ae-bc38-4450-8f84-9892900a6aa2" testId="710d2cda-029c-93e6-1bc0-0035ad662745" testName="WrongPassLoginTest" computerName="LAZULI" duration="00:00:00.0010900" startTime="2012-05-01T04:56:37.7528905+01:00" endTime="2012-05-01T04:56:37.7548906+01:00" testType="13cdc9d9-ddb5-4fa4-a97d-d965ccfc6d4b" outcome="Passed" testListId="8c84fa94-04c1-424b-9868-57a2d4851a1d" relativeResultsDirectory="777739ae-bc38-4450-8f84-9892900a6aa2">
    </UnitTestResult>
    <UnitTestResult executionId="b17e541e-4118-49e7-9185-66f6216a01da" testId="7159d5aa-8fc5-2252-46f2-92ec0357814d" testName="GetProductNameFromLocationHashTest" computerName="LAZULI" duration="00:00:00.0009514" startTime="2012-05-01T04:56:37.7558906+01:00" endTime="2012-05-01T04:56:37.7588908+01:00" testType="13cdc9d9-ddb5-4fa4-a97d-d965ccfc6d4b" outcome="Passed" testListId="8c84fa94-04c1-424b-9868-57a2d4851a1d" relativeResultsDirectory="b17e541e-4118-49e7-9185-66f6216a01da">
    </UnitTestResult>
    <UnitTestResult executionId="6285319e-7c19-4d37-bb4b-58f795ce0a42" testId="7513f8ee-f6fe-80de-055b-68324cd87bf9" testName="GetLocationTest" computerName="LAZULI" duration="00:00:00.0009082" startTime="2012-05-01T04:56:37.7588908+01:00" endTime="2012-05-01T04:56:37.7618910+01:00" testType="13cdc9d9-ddb5-4fa4-a97d-d965ccfc6d4b" outcome="Passed" testListId="8c84fa94-04c1-424b-9868-57a2d4851a1d" relativeResultsDirectory="6285319e-7c19-4d37-bb4b-58f795ce0a42">
    </UnitTestResult>
    <UnitTestResult executionId="fdd8d2e3-bf6f-4f82-adf3-fffad0430ba8" testId="a0720584-8c2c-483b-a3d9-ff5a659d5a0a" testName="GetMD5HashTest" computerName="LAZULI" duration="00:00:00.0009300" startTime="2012-05-01T04:56:37.7628910+01:00" endTime="2012-05-01T04:56:37.7658912+01:00" testType="13cdc9d9-ddb5-4fa4-a97d-d965ccfc6d4b" outcome="Passed" testListId="8c84fa94-04c1-424b-9868-57a2d4851a1d" relativeResultsDirectory="fdd8d2e3-bf6f-4f82-adf3-fffad0430ba8">
    </UnitTestResult>
    <UnitTestResult executionId="046ef6f6-b403-4e10-9b00-1d1b6f8b5f68" testId="a3231915-af11-7b41-ca6d-ca533f0ea6f6" testName="GetAccountTest" computerName="LAZULI" duration="00:00:00.0103403" startTime="2012-05-01T04:56:37.7668913+01:00" endTime="2012-05-01T04:56:37.7788920+01:00" testType="13cdc9d9-ddb5-4fa4-a97d-d965ccfc6d4b" outcome="Failed" testListId="8c84fa94-04c1-424b-9868-57a2d4851a1d" relativeResultsDirectory="046ef6f6-b403-4e10-9b00-1d1b6f8b5f68">
      <Output>
        <ErrorInfo>
          <Message>Assert.AreEqual failed. Expected:&lt;Donatello.Account&gt;. Actual:&lt;Donatello.Account&gt;. </Message>
          <StackTrace>   at UnitTests.DbConnectTest.GetAccountTest() in C:\Users\Kieran\Dropbox\BU_Work\Dissertation\GitHub\Donatello\UnitTests\DbConnectTest.cs:line 147
</StackTrace>
        </ErrorInfo>
      </Output>
    </UnitTestResult>
    <UnitTestResult executionId="4a283043-a44a-4729-b024-0882b994621b" testId="a57098c3-02fa-454d-a5e4-6a783305bc50" testName="LoginTest" computerName="LAZULI" duration="00:00:00.0010918" startTime="2012-05-01T04:56:37.7798920+01:00" endTime="2012-05-01T04:56:37.7828922+01:00" testType="13cdc9d9-ddb5-4fa4-a97d-d965ccfc6d4b" outcome="Passed" testListId="8c84fa94-04c1-424b-9868-57a2d4851a1d" relativeResultsDirectory="4a283043-a44a-4729-b024-0882b994621b">
    </UnitTestResult>
    <UnitTestResult executionId="ad6d947f-85b7-4b72-89f8-d7fc840815b0" testId="c354614c-ed47-9579-ccf7-957645aeb789" testName="AccountExistsTest" computerName="LAZULI" duration="00:00:00.0021440" startTime="2012-05-01T04:56:37.7848923+01:00" endTime="2012-05-01T04:56:37.7888925+01:00" testType="13cdc9d9-ddb5-4fa4-a97d-d965ccfc6d4b" outcome="Passed" testListId="8c84fa94-04c1-424b-9868-57a2d4851a1d" relativeResultsDirectory="ad6d947f-85b7-4b72-89f8-d7fc840815b0">
    </UnitTestResult>
    <UnitTestResult executionId="23264fc2-11c7-4c84-a4e9-ab8e68758885" testId="c8b22416-a405-6bde-1648-7df5cadd3149" testName="CheckLoginTest" computerName="LAZULI" duration="00:00:00.0018558" startTime="2012-05-01T04:56:37.7888925+01:00" endTime="2012-05-01T04:56:37.7928928+01:00" testType="13cdc9d9-ddb5-4fa4-a97d-d965ccfc6d4b" outcome="Failed" testListId="8c84fa94-04c1-424b-9868-57a2d4851a1d" relativeResultsDirectory="23264fc2-11c7-4c84-a4e9-ab8e68758885">
      <Output>
        <ErrorInfo>
          <Message>Assert.AreEqual failed. Expected:&lt;True&gt;. Actual:&lt;False&gt;. </Message>
          <StackTrace>   at UnitTests.DbConnectTest.CheckLoginTest() in C:\Users\Kieran\Dropbox\BU_Work\Dissertation\GitHub\Donatello\UnitTests\DbConnectTest.cs:line 121
</StackTrace>
        </ErrorInfo>
      </Output>
    </UnitTestResult>
    <UnitTestResult executionId="5fed7714-f1fa-45af-a5ef-14da4025178d" testId="e716c7c9-7aba-bef7-98aa-6b50cbbeaa0b" testName="GetInvalidLocationFromProductIdTest" computerName="LAZULI" duration="00:00:00.0002822" startTime="2012-05-01T04:56:37.7938928+01:00" endTime="2012-05-01T04:56:37.7958929+01:00" testType="13cdc9d9-ddb5-4fa4-a97d-d965ccfc6d4b" outcome="Passed" testListId="8c84fa94-04c1-424b-9868-57a2d4851a1d" relativeResultsDirectory="5fed7714-f1fa-45af-a5ef-14da4025178d">
    </UnitTestResult>
    <UnitTestResult executionId="65dc5572-80bf-4c62-b914-d89b07f36265" testId="eede26b8-9354-779e-5d22-f06a09ac568c" testName="CountLocationsTest" computerName="LAZULI" duration="00:00:00.0011304" startTime="2012-05-01T04:56:37.7968930+01:00" endTime="2012-05-01T04:56:37.7998932+01:00" testType="13cdc9d9-ddb5-4fa4-a97d-d965ccfc6d4b" outcome="Passed" testListId="8c84fa94-04c1-424b-9868-57a2d4851a1d" relativeResultsDirectory="65dc5572-80bf-4c62-b914-d89b07f36265">
    </UnitTestResult>
    <UnitTestResult executionId="7e4a1926-50e8-42b5-9dc6-35228b6655cb" testId="f9bd603f-fdfe-4639-20cc-7fa856dd3d75" testName="NullMD5Test" computerName="LAZULI" duration="00:00:00.0006571" startTime="2012-05-01T04:56:37.8008932+01:00" endTime="2012-05-01T04:56:37.8028933+01:00" testType="13cdc9d9-ddb5-4fa4-a97d-d965ccfc6d4b" outcome="Failed" testListId="8c84fa94-04c1-424b-9868-57a2d4851a1d" relativeResultsDirectory="7e4a1926-50e8-42b5-9dc6-35228b6655cb">
      <Output>
        <ErrorInfo>
          <Message>Test method UnitTests.DbConnectTest.NullMD5Test did not throw expected exception System.NullReferenceException.</Message>
        </ErrorInfo>
      </Output>
    </UnitTestResult>
    <UnitTestResult executionId="97f048a6-065d-42cc-a973-fc884141d178" testId="fe6fee5e-1f9e-e53d-0b4a-6659982d1faf" testName="ComputeSaltTest" computerName="LAZULI" duration="00:00:00.0002882" startTime="2012-05-01T04:56:37.8028933+01:00" endTime="2012-05-01T04:56:37.8058935+01:00" testType="13cdc9d9-ddb5-4fa4-a97d-d965ccfc6d4b" outcome="Passed" testListId="8c84fa94-04c1-424b-9868-57a2d4851a1d" relativeResultsDirectory="97f048a6-065d-42cc-a973-fc884141d178">
    </UnitTestResult>
  </Results>
</TestRun>