<?xml version="1.0" encoding="UTF-8"?>
<TestRun id="302cbde3-7da4-4a54-b2f7-474e92ede8ab" name="Kieran@LAZULI 2012-05-01 04:58:17" runUser="Lazuli\Kieran" xmlns="http://microsoft.com/schemas/VisualStudio/TeamTest/2010">
  <TestSettings name="Local" id="f5e64e3e-c56f-4939-9908-e5450b15daae">
    <Description>These are default test settings for a local test run.</Description>
    <Deployment enabled="false" runDeploymentRoot="Kieran_LAZULI 2012-05-01 04_58_17">
      <DeploymentItem filename="C:\Users\Kieran\Dropbox\BU_Work\Dissertation\GitHub\Donatello\Donatello\bin\Debug\Donatello.exe" />
      <DeploymentItem filename="C:\Program Files (x86)\NUnit 2.6\bin\framework\nunit.framework.dll" />
    </Deployment>
    <Execution>
      <TestTypeSpecific />
      <AgentRule name="Execution Agents">
      </AgentRule>
    </Execution>
  </TestSettings>
  <Times creation="2012-05-01T04:58:17.4485927+01:00" queuing="2012-05-01T04:58:17.4855949+01:00" start="2012-05-01T04:58:17.4915952+01:00" finish="2012-05-01T04:58:17.7206083+01:00" />
  <ResultSummary outcome="Failed">
    <Counters total="19" executed="19" passed="16" error="0" failed="3" timeout="0" aborted="0" inconclusive="0" passedButRunAborted="0" notRunnable="0" notExecuted="0" disconnected="0" warning="0" completed="0" inProgress="0" pending="0" />
  </ResultSummary>
  <TestDefinitions>
    <UnitTest name="GetMD5HashTest" storage="c:\users\kieran\dropbox\bu_work\dissertation\github\donatello\unittests\bin\debug\unittests.dll" id="a0720584-8c2c-483b-a3d9-ff5a659d5a0a">
      <Execution id="d775cf86-5942-4b02-b01f-f44efb7b8f61" />
      <TestMethod codeBase="C:/Users/Kieran/Dropbox/BU_Work/Dissertation/GitHub/Donatello/UnitTests/bin/Debug/UnitTests.DLL" adapterTypeName="Microsoft.VisualStudio.TestTools.TestTypes.Unit.UnitTestAdapter, Microsoft.VisualStudio.QualityTools.Tips.UnitTest.Adapter, Version=10.0.0.0, Culture=neutral, PublicKeyToken=b03f5f7f11d50a3a" className="UnitTests.DbConnectTest, UnitTests, Version=1.0.0.0, Culture=neutral, PublicKeyToken=null" name="GetMD5HashTest" />
    </UnitTest>
    <UnitTest name="CalculateMD5Test" storage="c:\users\kieran\dropbox\bu_work\dissertation\github\donatello\unittests\bin\debug\unittests.dll" id="2ed6a6b1-df87-210d-51fa-92b2236e30b3">
      <Execution id="56845917-e62a-4496-8491-312011c9f99e" />
      <TestMethod codeBase="C:/Users/Kieran/Dropbox/BU_Work/Dissertation/GitHub/Donatello/UnitTests/bin/Debug/UnitTests.DLL" adapterTypeName="Microsoft.VisualStudio.TestTools.TestTypes.Unit.UnitTestAdapter, Microsoft.VisualStudio.QualityTools.Tips.UnitTest.Adapter, Version=10.0.0.0, Culture=neutral, PublicKeyToken=b03f5f7f11d50a3a" className="UnitTests.DbConnectTest, UnitTests, Version=1.0.0.0, Culture=neutral, PublicKeyToken=null" name="CalculateMD5Test" />
    </UnitTest>
    <UnitTest name="ComputeSaltTest" storage="c:\users\kieran\dropbox\bu_work\dissertation\github\donatello\unittests\bin\debug\unittests.dll" id="fe6fee5e-1f9e-e53d-0b4a-6659982d1faf">
      <Execution id="758aaed6-e5fd-4ba9-852e-c6a6a215776b" />
      <TestMethod codeBase="C:/Users/Kieran/Dropbox/BU_Work/Dissertation/GitHub/Donatello/UnitTests/bin/Debug/UnitTests.DLL" adapterTypeName="Microsoft.VisualStudio.TestTools.TestTypes.Unit.UnitTestAdapter, Microsoft.VisualStudio.QualityTools.Tips.UnitTest.Adapter, Version=10.0.0.0, Culture=neutral, PublicKeyToken=b03f5f7f11d50a3a" className="UnitTests.AccountTest, UnitTests, Version=1.0.0.0, Culture=neutral, PublicKeyToken=null" name="ComputeSaltTest" />
    </UnitTest>
    <UnitTest name="WrongUserLoginTest" storage="c:\users\kieran\dropbox\bu_work\dissertation\github\donatello\unittests\bin\debug\unittests.dll" id="33cd5822-8ae4-cb7f-92ad-bdcb3a9e41f2">
      <Execution id="526895c4-80f5-45fa-a4e5-304b04e088ba" />
      <TestMethod codeBase="C:/Users/Kieran/Dropbox/BU_Work/Dissertation/GitHub/Donatello/UnitTests/bin/Debug/UnitTests.DLL" adapterTypeName="Microsoft.VisualStudio.TestTools.TestTypes.Unit.UnitTestAdapter, Microsoft.VisualStudio.QualityTools.Tips.UnitTest.Adapter, Version=10.0.0.0, Culture=neutral, PublicKeyToken=b03f5f7f11d50a3a" className="UnitTests.DbConnectTest, UnitTests, Version=1.0.0.0, Culture=neutral, PublicKeyToken=null" name="WrongUserLoginTest" />
    </UnitTest>
    <UnitTest name="GetInvalidLocationTest" storage="c:\users\kieran\dropbox\bu_work\dissertation\github\donatello\unittests\bin\debug\unittests.dll" id="64a7a431-d288-add2-aece-625f9b7f2037">
      <Execution id="1fdb5570-2137-49c4-94e3-70ee251ceed7" />
      <TestMethod codeBase="C:/Users/Kieran/Dropbox/BU_Work/Dissertation/GitHub/Donatello/UnitTests/bin/Debug/UnitTests.DLL" adapterTypeName="Microsoft.VisualStudio.TestTools.TestTypes.Unit.UnitTestAdapter, Microsoft.VisualStudio.QualityTools.Tips.UnitTest.Adapter, Version=10.0.0.0, Culture=neutral, PublicKeyToken=b03f5f7f11d50a3a" className="UnitTests.DbConnectTest, UnitTests, Version=1.0.0.0, Culture=neutral, PublicKeyToken=null" name="GetInvalidLocationTest" />
    </UnitTest>
    <UnitTest name="GetPassHashTest" storage="c:\users\kieran\dropbox\bu_work\dissertation\github\donatello\unittests\bin\debug\unittests.dll" id="573f435a-e23b-52d0-3a46-7f4c1ffad568">
      <Execution id="ec904bf8-b95c-440e-a65e-c02780a644ce" />
      <TestMethod codeBase="C:/Users/Kieran/Dropbox/BU_Work/Dissertation/GitHub/Donatello/UnitTests/bin/Debug/UnitTests.DLL" adapterTypeName="Microsoft.VisualStudio.TestTools.TestTypes.Unit.UnitTestAdapter, Microsoft.VisualStudio.QualityTools.Tips.UnitTest.Adapter, Version=10.0.0.0, Culture=neutral, PublicKeyToken=b03f5f7f11d50a3a" className="UnitTests.DbConnectTest, UnitTests, Version=1.0.0.0, Culture=neutral, PublicKeyToken=null" name="GetPassHashTest" />
    </UnitTest>
    <UnitTest name="NullMD5Test" storage="c:\users\kieran\dropbox\bu_work\dissertation\github\donatello\unittests\bin\debug\unittests.dll" id="f9bd603f-fdfe-4639-20cc-7fa856dd3d75">
      <Execution id="85272e68-2ec4-409d-916c-0bf57372657c" />
      <TestMethod codeBase="C:/Users/Kieran/Dropbox/BU_Work/Dissertation/GitHub/Donatello/UnitTests/bin/Debug/UnitTests.DLL" adapterTypeName="Microsoft.VisualStudio.TestTools.TestTypes.Unit.UnitTestAdapter, Microsoft.VisualStudio.QualityTools.Tips.UnitTest.Adapter, Version=10.0.0.0, Culture=neutral, PublicKeyToken=b03f5f7f11d50a3a" className="UnitTests.DbConnectTest, UnitTests, Version=1.0.0.0, Culture=neutral, PublicKeyToken=null" name="NullMD5Test" />
    </UnitTest>
    <UnitTest name="GetAccountTest" storage="c:\users\kieran\dropbox\bu_work\dissertation\github\donatello\unittests\bin\debug\unittests.dll" id="a3231915-af11-7b41-ca6d-ca533f0ea6f6">
      <Execution id="78d7d7b5-7c0d-4c7d-8d70-7018beaa5ed0" />
      <TestMethod codeBase="C:/Users/Kieran/Dropbox/BU_Work/Dissertation/GitHub/Donatello/UnitTests/bin/Debug/UnitTests.DLL" adapterTypeName="Microsoft.VisualStudio.TestTools.TestTypes.Unit.UnitTestAdapter, Microsoft.VisualStudio.QualityTools.Tips.UnitTest.Adapter, Version=10.0.0.0, Culture=neutral, PublicKeyToken=b03f5f7f11d50a3a" className="UnitTests.DbConnectTest, UnitTests, Version=1.0.0.0, Culture=neutral, PublicKeyToken=null" name="GetAccountTest" />
    </UnitTest>
    <UnitTest name="LoginTest" storage="c:\users\kieran\dropbox\bu_work\dissertation\github\donatello\unittests\bin\debug\unittests.dll" id="a57098c3-02fa-454d-a5e4-6a783305bc50">
      <Execution id="827142f9-e413-4384-8c7c-673543ceefe5" />
      <TestMethod codeBase="C:/Users/Kieran/Dropbox/BU_Work/Dissertation/GitHub/Donatello/UnitTests/bin/Debug/UnitTests.DLL" adapterTypeName="Microsoft.VisualStudio.TestTools.TestTypes.Unit.UnitTestAdapter, Microsoft.VisualStudio.QualityTools.Tips.UnitTest.Adapter, Version=10.0.0.0, Culture=neutral, PublicKeyToken=b03f5f7f11d50a3a" className="UnitTests.DbConnectTest, UnitTests, Version=1.0.0.0, Culture=neutral, PublicKeyToken=null" name="LoginTest" />
    </UnitTest>
    <UnitTest name="CountLocationsTest" storage="c:\users\kieran\dropbox\bu_work\dissertation\github\donatello\unittests\bin\debug\unittests.dll" id="eede26b8-9354-779e-5d22-f06a09ac568c">
      <Execution id="ccba9142-e1e2-45d1-a6c1-b0c824da1d4d" />
      <TestMethod codeBase="C:/Users/Kieran/Dropbox/BU_Work/Dissertation/GitHub/Donatello/UnitTests/bin/Debug/UnitTests.DLL" adapterTypeName="Microsoft.VisualStudio.TestTools.TestTypes.Unit.UnitTestAdapter, Microsoft.VisualStudio.QualityTools.Tips.UnitTest.Adapter, Version=10.0.0.0, Culture=neutral, PublicKeyToken=b03f5f7f11d50a3a" className="UnitTests.DbConnectTest, UnitTests, Version=1.0.0.0, Culture=neutral, PublicKeyToken=null" name="CountLocationsTest" />
    </UnitTest>
    <UnitTest name="AccountConstructorTest" storage="c:\users\kieran\dropbox\bu_work\dissertation\github\donatello\unittests\bin\debug\unittests.dll" id="2e73691e-478f-8eae-8aa8-f24ae79c0f17">
      <Execution id="9b9551de-86a1-4cdc-a9ba-426b331e1b58" />
      <TestMethod codeBase="C:/Users/Kieran/Dropbox/BU_Work/Dissertation/GitHub/Donatello/UnitTests/bin/Debug/UnitTests.DLL" adapterTypeName="Microsoft.VisualStudio.TestTools.TestTypes.Unit.UnitTestAdapter, Microsoft.VisualStudio.QualityTools.Tips.UnitTest.Adapter, Version=10.0.0.0, Culture=neutral, PublicKeyToken=b03f5f7f11d50a3a" className="UnitTests.AccountTest, UnitTests, Version=1.0.0.0, Culture=neutral, PublicKeyToken=null" name="AccountConstructorTest" />
    </UnitTest>
    <UnitTest name="GetInvalidLocationFromProductIdTest" storage="c:\users\kieran\dropbox\bu_work\dissertation\github\donatello\unittests\bin\debug\unittests.dll" id="e716c7c9-7aba-bef7-98aa-6b50cbbeaa0b">
      <Execution id="1c4db9ba-086b-4d75-a396-37876d745f67" />
      <TestMethod codeBase="C:/Users/Kieran/Dropbox/BU_Work/Dissertation/GitHub/Donatello/UnitTests/bin/Debug/UnitTests.DLL" adapterTypeName="Microsoft.VisualStudio.TestTools.TestTypes.Unit.UnitTestAdapter, Microsoft.VisualStudio.QualityTools.Tips.UnitTest.Adapter, Version=10.0.0.0, Culture=neutral, PublicKeyToken=b03f5f7f11d50a3a" className="UnitTests.DbConnectTest, UnitTests, Version=1.0.0.0, Culture=neutral, PublicKeyToken=null" name="GetInvalidLocationFromProductIdTest" />
    </UnitTest>
    <UnitTest name="GetLocationTest" storage="c:\users\kieran\dropbox\bu_work\dissertation\github\donatello\unittests\bin\debug\unittests.dll" id="7513f8ee-f6fe-80de-055b-68324cd87bf9">
      <Execution id="928c5d0e-9ba9-4c02-8f19-83b054b948a6" />
      <TestMethod codeBase="C:/Users/Kieran/Dropbox/BU_Work/Dissertation/GitHub/Donatello/UnitTests/bin/Debug/UnitTests.DLL" adapterTypeName="Microsoft.VisualStudio.TestTools.TestTypes.Unit.UnitTestAdapter, Microsoft.VisualStudio.QualityTools.Tips.UnitTest.Adapter, Version=10.0.0.0, Culture=neutral, PublicKeyToken=b03f5f7f11d50a3a" className="UnitTests.DbConnectTest, UnitTests, Version=1.0.0.0, Culture=neutral, PublicKeyToken=null" name="GetLocationTest" />
    </UnitTest>
    <UnitTest name="ComputeHashTest" storage="c:\users\kieran\dropbox\bu_work\dissertation\github\donatello\unittests\bin\debug\unittests.dll" id="20bc22b9-3c67-c11a-76e0-76bf954769b8">
      <Execution id="1e2735b4-4364-4196-acc8-155d3b7dfcbb" />
      <TestMethod codeBase="C:/Users/Kieran/Dropbox/BU_Work/Dissertation/GitHub/Donatello/UnitTests/bin/Debug/UnitTests.DLL" adapterTypeName="Microsoft.VisualStudio.TestTools.TestTypes.Unit.UnitTestAdapter, Microsoft.VisualStudio.QualityTools.Tips.UnitTest.Adapter, Version=10.0.0.0, Culture=neutral, PublicKeyToken=b03f5f7f11d50a3a" className="UnitTests.AccountTest, UnitTests, Version=1.0.0.0, Culture=neutral, PublicKeyToken=null" name="ComputeHashTest" />
    </UnitTest>
    <UnitTest name="CheckLoginTest" storage="c:\users\kieran\dropbox\bu_work\dissertation\github\donatello\unittests\bin\debug\unittests.dll" id="c8b22416-a405-6bde-1648-7df5cadd3149">
      <Execution id="b672e07a-9a91-4ffa-8126-29f375a18338" />
      <TestMethod codeBase="C:/Users/Kieran/Dropbox/BU_Work/Dissertation/GitHub/Donatello/UnitTests/bin/Debug/UnitTests.DLL" adapterTypeName="Microsoft.VisualStudio.TestTools.TestTypes.Unit.UnitTestAdapter, Microsoft.VisualStudio.QualityTools.Tips.UnitTest.Adapter, Version=10.0.0.0, Culture=neutral, PublicKeyToken=b03f5f7f11d50a3a" className="UnitTests.DbConnectTest, UnitTests, Version=1.0.0.0, Culture=neutral, PublicKeyToken=null" name="CheckLoginTest" />
    </UnitTest>
    <UnitTest name="WrongPassLoginTest" storage="c:\users\kieran\dropbox\bu_work\dissertation\github\donatello\unittests\bin\debug\unittests.dll" id="710d2cda-029c-93e6-1bc0-0035ad662745">
      <Execution id="5a20dc82-1d67-434e-81a2-7453938bc539" />
      <TestMethod codeBase="C:/Users/Kieran/Dropbox/BU_Work/Dissertation/GitHub/Donatello/UnitTests/bin/Debug/UnitTests.DLL" adapterTypeName="Microsoft.VisualStudio.TestTools.TestTypes.Unit.UnitTestAdapter, Microsoft.VisualStudio.QualityTools.Tips.UnitTest.Adapter, Version=10.0.0.0, Culture=neutral, PublicKeyToken=b03f5f7f11d50a3a" className="UnitTests.DbConnectTest, UnitTests, Version=1.0.0.0, Culture=neutral, PublicKeyToken=null" name="WrongPassLoginTest" />
    </UnitTest>
    <UnitTest name="AccountExistsTest" storage="c:\users\kieran\dropbox\bu_work\dissertation\github\donatello\unittests\bin\debug\unittests.dll" id="c354614c-ed47-9579-ccf7-957645aeb789">
      <Execution id="8941f531-a77b-4e11-91d4-cc5f23bc8f1c" />
      <TestMethod codeBase="C:/Users/Kieran/Dropbox/BU_Work/Dissertation/GitHub/Donatello/UnitTests/bin/Debug/UnitTests.DLL" adapterTypeName="Microsoft.VisualStudio.TestTools.TestTypes.Unit.UnitTestAdapter, Microsoft.VisualStudio.QualityTools.Tips.UnitTest.Adapter, Version=10.0.0.0, Culture=neutral, PublicKeyToken=b03f5f7f11d50a3a" className="UnitTests.DbConnectTest, UnitTests, Version=1.0.0.0, Culture=neutral, PublicKeyToken=null" name="AccountExistsTest" />
    </UnitTest>
    <UnitTest name="GetLocationFromProductIdTest" storage="c:\users\kieran\dropbox\bu_work\dissertation\github\donatello\unittests\bin\debug\unittests.dll" id="158bd376-d913-d14d-5957-7cbd4c500e15">
      <Execution id="7ea5be79-c6b9-485b-a9ac-c1ab8a07f1b2" />
      <TestMethod codeBase="C:/Users/Kieran/Dropbox/BU_Work/Dissertation/GitHub/Donatello/UnitTests/bin/Debug/UnitTests.DLL" adapterTypeName="Microsoft.VisualStudio.TestTools.TestTypes.Unit.UnitTestAdapter, Microsoft.VisualStudio.QualityTools.Tips.UnitTest.Adapter, Version=10.0.0.0, Culture=neutral, PublicKeyToken=b03f5f7f11d50a3a" className="UnitTests.DbConnectTest, UnitTests, Version=1.0.0.0, Culture=neutral, PublicKeyToken=null" name="GetLocationFromProductIdTest" />
    </UnitTest>
    <UnitTest name="GetProductNameFromLocationHashTest" storage="c:\users\kieran\dropbox\bu_work\dissertation\github\donatello\unittests\bin\debug\unittests.dll" id="7159d5aa-8fc5-2252-46f2-92ec0357814d">
      <Execution id="31821c5c-6fda-49fc-a293-ffb01d7414ec" />
      <TestMethod codeBase="C:/Users/Kieran/Dropbox/BU_Work/Dissertation/GitHub/Donatello/UnitTests/bin/Debug/UnitTests.DLL" adapterTypeName="Microsoft.VisualStudio.TestTools.TestTypes.Unit.UnitTestAdapter, Microsoft.VisualStudio.QualityTools.Tips.UnitTest.Adapter, Version=10.0.0.0, Culture=neutral, PublicKeyToken=b03f5f7f11d50a3a" className="UnitTests.DbConnectTest, UnitTests, Version=1.0.0.0, Culture=neutral, PublicKeyToken=null" name="GetProductNameFromLocationHashTest" />
    </UnitTest>
  </TestDefinitions>
  <TestLists>
    <TestList name="Results Not in a List" id="8c84fa94-04c1-424b-9868-57a2d4851a1d" />
    <TestList name="All Loaded Results" id="19431567-8539-422a-85d7-44ee4e166bda" />
  </TestLists>
  <TestEntries>
    <TestEntry testId="158bd376-d913-d14d-5957-7cbd4c500e15" executionId="7ea5be79-c6b9-485b-a9ac-c1ab8a07f1b2" testListId="8c84fa94-04c1-424b-9868-57a2d4851a1d" />
    <TestEntry testId="20bc22b9-3c67-c11a-76e0-76bf954769b8" executionId="1e2735b4-4364-4196-acc8-155d3b7dfcbb" testListId="8c84fa94-04c1-424b-9868-57a2d4851a1d" />
    <TestEntry testId="2e73691e-478f-8eae-8aa8-f24ae79c0f17" executionId="9b9551de-86a1-4cdc-a9ba-426b331e1b58" testListId="8c84fa94-04c1-424b-9868-57a2d4851a1d" />
    <TestEntry testId="2ed6a6b1-df87-210d-51fa-92b2236e30b3" executionId="56845917-e62a-4496-8491-312011c9f99e" testListId="8c84fa94-04c1-424b-9868-57a2d4851a1d" />
    <TestEntry testId="33cd5822-8ae4-cb7f-92ad-bdcb3a9e41f2" executionId="526895c4-80f5-45fa-a4e5-304b04e088ba" testListId="8c84fa94-04c1-424b-9868-57a2d4851a1d" />
    <TestEntry testId="573f435a-e23b-52d0-3a46-7f4c1ffad568" executionId="ec904bf8-b95c-440e-a65e-c02780a644ce" testListId="8c84fa94-04c1-424b-9868-57a2d4851a1d" />
    <TestEntry testId="64a7a431-d288-add2-aece-625f9b7f2037" executionId="1fdb5570-2137-49c4-94e3-70ee251ceed7" testListId="8c84fa94-04c1-424b-9868-57a2d4851a1d" />
    <TestEntry testId="710d2cda-029c-93e6-1bc0-0035ad662745" executionId="5a20dc82-1d67-434e-81a2-7453938bc539" testListId="8c84fa94-04c1-424b-9868-57a2d4851a1d" />
    <TestEntry testId="7159d5aa-8fc5-2252-46f2-92ec0357814d" executionId="31821c5c-6fda-49fc-a293-ffb01d7414ec" testListId="8c84fa94-04c1-424b-9868-57a2d4851a1d" />
    <TestEntry testId="7513f8ee-f6fe-80de-055b-68324cd87bf9" executionId="928c5d0e-9ba9-4c02-8f19-83b054b948a6" testListId="8c84fa94-04c1-424b-9868-57a2d4851a1d" />
    <TestEntry testId="a0720584-8c2c-483b-a3d9-ff5a659d5a0a" executionId="d775cf86-5942-4b02-b01f-f44efb7b8f61" testListId="8c84fa94-04c1-424b-9868-57a2d4851a1d" />
    <TestEntry testId="a3231915-af11-7b41-ca6d-ca533f0ea6f6" executionId="78d7d7b5-7c0d-4c7d-8d70-7018beaa5ed0" testListId="8c84fa94-04c1-424b-9868-57a2d4851a1d" />
    <TestEntry testId="a57098c3-02fa-454d-a5e4-6a783305bc50" executionId="827142f9-e413-4384-8c7c-673543ceefe5" testListId="8c84fa94-04c1-424b-9868-57a2d4851a1d" />
    <TestEntry testId="c354614c-ed47-9579-ccf7-957645aeb789" executionId="8941f531-a77b-4e11-91d4-cc5f23bc8f1c" testListId="8c84fa94-04c1-424b-9868-57a2d4851a1d" />
    <TestEntry testId="c8b22416-a405-6bde-1648-7df5cadd3149" executionId="b672e07a-9a91-4ffa-8126-29f375a18338" testListId="8c84fa94-04c1-424b-9868-57a2d4851a1d" />
    <TestEntry testId="e716c7c9-7aba-bef7-98aa-6b50cbbeaa0b" executionId="1c4db9ba-086b-4d75-a396-37876d745f67" testListId="8c84fa94-04c1-424b-9868-57a2d4851a1d" />
    <TestEntry testId="eede26b8-9354-779e-5d22-f06a09ac568c" executionId="ccba9142-e1e2-45d1-a6c1-b0c824da1d4d" testListId="8c84fa94-04c1-424b-9868-57a2d4851a1d" />
    <TestEntry testId="f9bd603f-fdfe-4639-20cc-7fa856dd3d75" executionId="85272e68-2ec4-409d-916c-0bf57372657c" testListId="8c84fa94-04c1-424b-9868-57a2d4851a1d" />
    <TestEntry testId="fe6fee5e-1f9e-e53d-0b4a-6659982d1faf" executionId="758aaed6-e5fd-4ba9-852e-c6a6a215776b" testListId="8c84fa94-04c1-424b-9868-57a2d4851a1d" />
  </TestEntries>
  <Results>
    <UnitTestResult executionId="7ea5be79-c6b9-485b-a9ac-c1ab8a07f1b2" testId="158bd376-d913-d14d-5957-7cbd4c500e15" testName="GetLocationFromProductIdTest" computerName="LAZULI" duration="00:00:00.0271972" startTime="2012-05-01T04:58:17.4935953+01:00" endTime="2012-05-01T04:58:17.6356034+01:00" testType="13cdc9d9-ddb5-4fa4-a97d-d965ccfc6d4b" outcome="Passed" testListId="8c84fa94-04c1-424b-9868-57a2d4851a1d" relativeResultsDirectory="7ea5be79-c6b9-485b-a9ac-c1ab8a07f1b2">
    </UnitTestResult>
    <UnitTestResult executionId="1e2735b4-4364-4196-acc8-155d3b7dfcbb" testId="20bc22b9-3c67-c11a-76e0-76bf954769b8" testName="ComputeHashTest" computerName="LAZULI" duration="00:00:00.0016478" startTime="2012-05-01T04:58:17.6376035+01:00" endTime="2012-05-01T04:58:17.6416038+01:00" testType="13cdc9d9-ddb5-4fa4-a97d-d965ccfc6d4b" outcome="Passed" testListId="8c84fa94-04c1-424b-9868-57a2d4851a1d" relativeResultsDirectory="1e2735b4-4364-4196-acc8-155d3b7dfcbb">
    </UnitTestResult>
    <UnitTestResult executionId="9b9551de-86a1-4cdc-a9ba-426b331e1b58" testId="2e73691e-478f-8eae-8aa8-f24ae79c0f17" testName="AccountConstructorTest" computerName="LAZULI" duration="00:00:00.0005059" startTime="2012-05-01T04:58:17.6426038+01:00" endTime="2012-05-01T04:58:17.6446039+01:00" testType="13cdc9d9-ddb5-4fa4-a97d-d965ccfc6d4b" outcome="Passed" testListId="8c84fa94-04c1-424b-9868-57a2d4851a1d" relativeResultsDirectory="9b9551de-86a1-4cdc-a9ba-426b331e1b58">
    </UnitTestResult>
    <UnitTestResult executionId="56845917-e62a-4496-8491-312011c9f99e" testId="2ed6a6b1-df87-210d-51fa-92b2236e30b3" testName="CalculateMD5Test" computerName="LAZULI" duration="00:00:00.0001602" startTime="2012-05-01T04:58:17.6456040+01:00" endTime="2012-05-01T04:58:17.6476041+01:00" testType="13cdc9d9-ddb5-4fa4-a97d-d965ccfc6d4b" outcome="Passed" testListId="8c84fa94-04c1-424b-9868-57a2d4851a1d" relativeResultsDirectory="56845917-e62a-4496-8491-312011c9f99e">
    </UnitTestResult>
    <UnitTestResult executionId="526895c4-80f5-45fa-a4e5-304b04e088ba" testId="33cd5822-8ae4-cb7f-92ad-bdcb3a9e41f2" testName="WrongUserLoginTest" computerName="LAZULI" duration="00:00:00.0013381" startTime="2012-05-01T04:58:17.6476041+01:00" endTime="2012-05-01T04:58:17.6516043+01:00" testType="13cdc9d9-ddb5-4fa4-a97d-d965ccfc6d4b" outcome="Passed" testListId="8c84fa94-04c1-424b-9868-57a2d4851a1d" relativeResultsDirectory="526895c4-80f5-45fa-a4e5-304b04e088ba">
    </UnitTestResult>
    <UnitTestResult executionId="ec904bf8-b95c-440e-a65e-c02780a644ce" testId="573f435a-e23b-52d0-3a46-7f4c1ffad568" testName="GetPassHashTest" computerName="LAZULI" duration="00:00:00.0009825" startTime="2012-05-01T04:58:17.6536045+01:00" endTime="2012-05-01T04:58:17.6566046+01:00" testType="13cdc9d9-ddb5-4fa4-a97d-d965ccfc6d4b" outcome="Passed" testListId="8c84fa94-04c1-424b-9868-57a2d4851a1d" relativeResultsDirectory="ec904bf8-b95c-440e-a65e-c02780a644ce">
    </UnitTestResult>
    <UnitTestResult executionId="1fdb5570-2137-49c4-94e3-70ee251ceed7" testId="64a7a431-d288-add2-aece-625f9b7f2037" testName="GetInvalidLocationTest" computerName="LAZULI" duration="00:00:00.0016891" startTime="2012-05-01T04:58:17.6576047+01:00" endTime="2012-05-01T04:58:17.6606049+01:00" testType="13cdc9d9-ddb5-4fa4-a97d-d965ccfc6d4b" outcome="Passed" testListId="8c84fa94-04c1-424b-9868-57a2d4851a1d" relativeResultsDirectory="1fdb5570-2137-49c4-94e3-70ee251ceed7">
    </UnitTestResult>
    <UnitTestResult executionId="5a20dc82-1d67-434e-81a2-7453938bc539" testId="710d2cda-029c-93e6-1bc0-0035ad662745" testName="WrongPassLoginTest" computerName="LAZULI" duration="00:00:00.0011174" startTime="2012-05-01T04:58:17.6616049+01:00" endTime="2012-05-01T04:58:17.6636050+01:00" testType="13cdc9d9-ddb5-4fa4-a97d-d965ccfc6d4b" outcome="Passed" testListId="8c84fa94-04c1-424b-9868-57a2d4851a1d" relativeResultsDirectory="5a20dc82-1d67-434e-81a2-7453938bc539">
    </UnitTestResult>
    <UnitTestResult executionId="31821c5c-6fda-49fc-a293-ffb01d7414ec" testId="7159d5aa-8fc5-2252-46f2-92ec0357814d" testName="GetProductNameFromLocationHashTest" computerName="LAZULI" duration="00:00:00.0011820" startTime="2012-05-01T04:58:17.6646051+01:00" endTime="2012-05-01T04:58:17.6676053+01:00" testType="13cdc9d9-ddb5-4fa4-a97d-d965ccfc6d4b" outcome="Passed" testListId="8c84fa94-04c1-424b-9868-57a2d4851a1d" relativeResultsDirectory="31821c5c-6fda-49fc-a293-ffb01d7414ec">
    </UnitTestResult>
    <UnitTestResult executionId="928c5d0e-9ba9-4c02-8f19-83b054b948a6" testId="7513f8ee-f6fe-80de-055b-68324cd87bf9" testName="GetLocationTest" computerName="LAZULI" duration="00:00:00.0010432" startTime="2012-05-01T04:58:17.6676053+01:00" endTime="2012-05-01T04:58:17.6706054+01:00" testType="13cdc9d9-ddb5-4fa4-a97d-d965ccfc6d4b" outcome="Passed" testListId="8c84fa94-04c1-424b-9868-57a2d4851a1d" relativeResultsDirectory="928c5d0e-9ba9-4c02-8f19-83b054b948a6">
    </UnitTestResult>
    <UnitTestResult executionId="d775cf86-5942-4b02-b01f-f44efb7b8f61" testId="a0720584-8c2c-483b-a3d9-ff5a659d5a0a" testName="GetMD5HashTest" computerName="LAZULI" duration="00:00:00.0013616" startTime="2012-05-01T04:58:17.6716055+01:00" endTime="2012-05-01T04:58:17.6756057+01:00" testType="13cdc9d9-ddb5-4fa4-a97d-d965ccfc6d4b" outcome="Passed" testListId="8c84fa94-04c1-424b-9868-57a2d4851a1d" relativeResultsDirectory="d775cf86-5942-4b02-b01f-f44efb7b8f61">
    </UnitTestResult>
    <UnitTestResult executionId="78d7d7b5-7c0d-4c7d-8d70-7018beaa5ed0" testId="a3231915-af11-7b41-ca6d-ca533f0ea6f6" testName="GetAccountTest" computerName="LAZULI" duration="00:00:00.0086282" startTime="2012-05-01T04:58:17.6766058+01:00" endTime="2012-05-01T04:58:17.6876064+01:00" testType="13cdc9d9-ddb5-4fa4-a97d-d965ccfc6d4b" outcome="Failed" testListId="8c84fa94-04c1-424b-9868-57a2d4851a1d" relativeResultsDirectory="78d7d7b5-7c0d-4c7d-8d70-7018beaa5ed0">
      <Output>
        <ErrorInfo>
          <Message>Assert.AreEqual failed. Expected:&lt;V6XG5WytBR8fb9txtcRWDAYKzHLC5pnN9oOXuPm05YKX9v6B2x&gt;. Actual:&lt;V6XG5WytBR8fb9txtcRWDAYKzHLC5pnN9oOXuPm05YKX9v6B2xa9/4RgSDDw0j/ICnqP3z+0hApjDm2iyclOla9lSAk=&gt;. </Message>
          <StackTrace>   at UnitTests.DbConnectTest.GetAccountTest() in C:\Users\Kieran\Dropbox\BU_Work\Dissertation\GitHub\Donatello\UnitTests\DbConnectTest.cs:line 150
</StackTrace>
        </ErrorInfo>
      </Output>
    </UnitTestResult>
    <UnitTestResult executionId="827142f9-e413-4384-8c7c-673543ceefe5" testId="a57098c3-02fa-454d-a5e4-6a783305bc50" testName="LoginTest" computerName="LAZULI" duration="00:00:00.0008796" startTime="2012-05-01T04:58:17.6886065+01:00" endTime="2012-05-01T04:58:17.6916066+01:00" testType="13cdc9d9-ddb5-4fa4-a97d-d965ccfc6d4b" outcome="Passed" testListId="8c84fa94-04c1-424b-9868-57a2d4851a1d" relativeResultsDirectory="827142f9-e413-4384-8c7c-673543ceefe5">
    </UnitTestResult>
    <UnitTestResult executionId="8941f531-a77b-4e11-91d4-cc5f23bc8f1c" testId="c354614c-ed47-9579-ccf7-957645aeb789" testName="AccountExistsTest" computerName="LAZULI" duration="00:00:00.0014902" startTime="2012-05-01T04:58:17.6926067+01:00" endTime="2012-05-01T04:58:17.6956069+01:00" testType="13cdc9d9-ddb5-4fa4-a97d-d965ccfc6d4b" outcome="Passed" testListId="8c84fa94-04c1-424b-9868-57a2d4851a1d" relativeResultsDirectory="8941f531-a77b-4e11-91d4-cc5f23bc8f1c">
    </UnitTestResult>
    <UnitTestResult executionId="b672e07a-9a91-4ffa-8126-29f375a18338" testId="c8b22416-a405-6bde-1648-7df5cadd3149" testName="CheckLoginTest" computerName="LAZULI" duration="00:00:00.0018072" startTime="2012-05-01T04:58:17.6966069+01:00" endTime="2012-05-01T04:58:17.7006072+01:00" testType="13cdc9d9-ddb5-4fa4-a97d-d965ccfc6d4b" outcome="Failed" testListId="8c84fa94-04c1-424b-9868-57a2d4851a1d" relativeResultsDirectory="b672e07a-9a91-4ffa-8126-29f375a18338">
      <Output>
        <ErrorInfo>
          <Message>Assert.AreEqual failed. Expected:&lt;True&gt;. Actual:&lt;False&gt;. </Message>
          <StackTrace>   at UnitTests.DbConnectTest.CheckLoginTest() in C:\Users\Kieran\Dropbox\BU_Work\Dissertation\GitHub\Donatello\UnitTests\DbConnectTest.cs:line 121
</StackTrace>
        </ErrorInfo>
      </Output>
    </UnitTestResult>
    <UnitTestResult executionId="1c4db9ba-086b-4d75-a396-37876d745f67" testId="e716c7c9-7aba-bef7-98aa-6b50cbbeaa0b" testName="GetInvalidLocationFromProductIdTest" computerName="LAZULI" duration="00:00:00.0003241" startTime="2012-05-01T04:58:17.7016072+01:00" endTime="2012-05-01T04:58:17.7036073+01:00" testType="13cdc9d9-ddb5-4fa4-a97d-d965ccfc6d4b" outcome="Passed" testListId="8c84fa94-04c1-424b-9868-57a2d4851a1d" relativeResultsDirectory="1c4db9ba-086b-4d75-a396-37876d745f67">
    </UnitTestResult>
    <UnitTestResult executionId="ccba9142-e1e2-45d1-a6c1-b0c824da1d4d" testId="eede26b8-9354-779e-5d22-f06a09ac568c" testName="CountLocationsTest" computerName="LAZULI" duration="00:00:00.0007268" startTime="2012-05-01T04:58:17.7046074+01:00" endTime="2012-05-01T04:58:17.7066075+01:00" testType="13cdc9d9-ddb5-4fa4-a97d-d965ccfc6d4b" outcome="Passed" testListId="8c84fa94-04c1-424b-9868-57a2d4851a1d" relativeResultsDirectory="ccba9142-e1e2-45d1-a6c1-b0c824da1d4d">
    </UnitTestResult>
    <UnitTestResult executionId="85272e68-2ec4-409d-916c-0bf57372657c" testId="f9bd603f-fdfe-4639-20cc-7fa856dd3d75" testName="NullMD5Test" computerName="LAZULI" duration="00:00:00.0006951" startTime="2012-05-01T04:58:17.7076076+01:00" endTime="2012-05-01T04:58:17.7096077+01:00" testType="13cdc9d9-ddb5-4fa4-a97d-d965ccfc6d4b" outcome="Failed" testListId="8c84fa94-04c1-424b-9868-57a2d4851a1d" relativeResultsDirectory="85272e68-2ec4-409d-916c-0bf57372657c">
      <Output>
        <ErrorInfo>
          <Message>Test method UnitTests.DbConnectTest.NullMD5Test did not throw expected exception System.NullReferenceException.</Message>
        </ErrorInfo>
      </Output>
    </UnitTestResult>
    <UnitTestResult executionId="758aaed6-e5fd-4ba9-852e-c6a6a215776b" testId="fe6fee5e-1f9e-e53d-0b4a-6659982d1faf" testName="ComputeSaltTest" computerName="LAZULI" duration="00:00:00.0002508" startTime="2012-05-01T04:58:17.7106077+01:00" endTime="2012-05-01T04:58:17.7126078+01:00" testType="13cdc9d9-ddb5-4fa4-a97d-d965ccfc6d4b" outcome="Passed" testListId="8c84fa94-04c1-424b-9868-57a2d4851a1d" relativeResultsDirectory="758aaed6-e5fd-4ba9-852e-c6a6a215776b">
    </UnitTestResult>
  </Results>
</TestRun>